******************************************************************************
             TMS320C2000 Linker PC v20.2.1                     
******************************************************************************
>> Linked Sat Feb 24 02:32:33 2024

OUTPUT FILE NAME:   <../ledControl.out>
ENTRY POINT SYMBOL: "_c_int00"  address: 0000869e


MEMORY CONFIGURATION

         name            origin    length      used     unused   attr    fill
----------------------  --------  ---------  --------  --------  ----  --------
PAGE 0:
  BEGINRAM              00000000   00000002  00000002  00000000  RWIX
  RAMM0                 00000002   000003fe  00000000  000003fe  RWIX
  RAMLPRG               00008000   00005000  000009b7  00004649  RWIX
  ZONE7P                00200000   00010000  00000000  00010000  RWIX
  FLASH                 00300000   0003fff6  00000000  0003fff6  RWIX
  BEGINFLASH            0033fff6   00000002  00000000  00000002  RWIX
  ADC_CAL               00380080   00000009  00000007  00000002  RWIX
  OTP                   00380400   00000400  00000000  00000400  RWIX
  CSM_PWL               003f7ff8   00000008  00000000  00000008  RWIX
  IQTABLES              003fe000   00000b50  00000000  00000b50  RWIX
  IQTABLES2             003feb50   0000008c  00000000  0000008c  RWIX
  FPUTABLES             003febdc   000006a0  000006a0  00000000  RWIX
  ROM                   003ff27c   00000d44  00000000  00000d44  RWIX
  RESET                 003fffc0   00000002  00000000  00000002  RWIX
  VECTORS               003fffc2   0000003e  00000000  0000003e  RWIX

PAGE 1:
  RAMM1                 00000400   00000400  00000400  00000000  RWIX
  DEV_EMU               00000880   00000180  000000d0  000000b0  RWIX
  FLASH_REGS            00000a80   00000060  00000008  00000058  RWIX
  CSM                   00000ae0   00000010  00000010  00000000  RWIX
  ADC_MIRROR            00000b00   00000010  00000010  00000000  RWIX
  XINTF                 00000b20   00000020  0000001e  00000002  RWIX
  CPU_TIMER0            00000c00   00000008  00000008  00000000  RWIX
  CPU_TIMER1            00000c08   00000008  00000008  00000000  RWIX
  CPU_TIMER2            00000c10   00000008  00000008  00000000  RWIX
  PIE_CTRL              00000ce0   00000020  0000001a  00000006  RWIX
  PIE_VECT              00000d00   00000100  00000100  00000000  RWIX
  DMA                   00001000   00000200  000000e0  00000120  RWIX
  MCBSPA                00005000   00000040  00000025  0000001b  RWIX
  MCBSPB                00005040   00000040  00000025  0000001b  RWIX
  ECANA                 00006000   00000040  00000034  0000000c  RWIX
  ECANA_LAM             00006040   00000040  00000040  00000000  RWIX
  ECANA_MOTS            00006080   00000040  00000040  00000000  RWIX
  ECANA_MOTO            000060c0   00000040  00000040  00000000  RWIX
  ECANA_MBOX            00006100   00000100  00000100  00000000  RWIX
  ECANB                 00006200   00000040  00000034  0000000c  RWIX
  ECANB_LAM             00006240   00000040  00000040  00000000  RWIX
  ECANB_MOTS            00006280   00000040  00000040  00000000  RWIX
  ECANB_MOTO            000062c0   00000040  00000040  00000000  RWIX
  ECANB_MBOX            00006300   00000100  00000100  00000000  RWIX
  EPWM1                 00006800   00000022  00000022  00000000  RWIX
  EPWM2                 00006840   00000022  00000022  00000000  RWIX
  EPWM3                 00006880   00000022  00000022  00000000  RWIX
  EPWM4                 000068c0   00000022  00000022  00000000  RWIX
  EPWM5                 00006900   00000022  00000022  00000000  RWIX
  EPWM6                 00006940   00000022  00000022  00000000  RWIX
  ECAP1                 00006a00   00000020  00000020  00000000  RWIX
  ECAP2                 00006a20   00000020  00000020  00000000  RWIX
  ECAP3                 00006a40   00000020  00000020  00000000  RWIX
  ECAP4                 00006a60   00000020  00000020  00000000  RWIX
  ECAP5                 00006a80   00000020  00000020  00000000  RWIX
  ECAP6                 00006aa0   00000020  00000020  00000000  RWIX
  EQEP1                 00006b00   00000040  00000040  00000000  RWIX
  EQEP2                 00006b40   00000040  00000040  00000000  RWIX
  GPIOCTRL              00006f80   00000040  0000002e  00000012  RWIX
  GPIODAT               00006fc0   00000020  00000020  00000000  RWIX
  GPIOINT               00006fe0   00000020  0000000a  00000016  RWIX
  SYSTEM                00007010   00000020  00000020  00000000  RWIX
  SPIA                  00007040   00000010  00000010  00000000  RWIX
  SCIA                  00007050   00000010  00000010  00000000  RWIX
  XINTRUPT              00007070   00000010  00000010  00000000  RWIX
  ADC                   00007100   00000020  0000001e  00000002  RWIX
  SCIB                  00007750   00000010  00000010  00000000  RWIX
  SCIC                  00007770   00000010  00000010  00000000  RWIX
  I2CA                  00007900   00000040  00000022  0000001e  RWIX
  RAMLDATA              0000d000   00003000  00000149  00002eb7  RWIX
  ZONE7D                00210000   00010000  00000000  00010000  RWIX
  CSM_PWL               0033fff8   00000008  00000008  00000000  RWIX


SECTION ALLOCATION MAP

 output                                  attributes/
section   page    origin      length       input sections
--------  ----  ----------  ----------   ----------------
DevEmuRegsFile 
*          1    00000880    000000d0     UNINITIALIZED
                  00000880    000000d0     DSP2833x_GlobalVariableDefs.obj (DevEmuRegsFile)

FlashRegsFile 
*          1    00000a80    00000008     UNINITIALIZED
                  00000a80    00000008     DSP2833x_GlobalVariableDefs.obj (FlashRegsFile)

CsmRegsFile 
*          1    00000ae0    00000010     UNINITIALIZED
                  00000ae0    00000010     DSP2833x_GlobalVariableDefs.obj (CsmRegsFile)

AdcMirrorFile 
*          1    00000b00    00000010     UNINITIALIZED
                  00000b00    00000010     DSP2833x_GlobalVariableDefs.obj (AdcMirrorFile)

XintfRegsFile 
*          1    00000b20    0000001e     UNINITIALIZED
                  00000b20    0000001e     DSP2833x_GlobalVariableDefs.obj (XintfRegsFile)

CpuTimer0RegsFile 
*          1    00000c00    00000008     UNINITIALIZED
                  00000c00    00000008     DSP2833x_GlobalVariableDefs.obj (CpuTimer0RegsFile)

CpuTimer1RegsFile 
*          1    00000c08    00000008     UNINITIALIZED
                  00000c08    00000008     DSP2833x_GlobalVariableDefs.obj (CpuTimer1RegsFile)

CpuTimer2RegsFile 
*          1    00000c10    00000008     UNINITIALIZED
                  00000c10    00000008     DSP2833x_GlobalVariableDefs.obj (CpuTimer2RegsFile)

PieCtrlRegsFile 
*          1    00000ce0    0000001a     UNINITIALIZED
                  00000ce0    0000001a     DSP2833x_GlobalVariableDefs.obj (PieCtrlRegsFile)

PieVectTableFile 
*          1    00000d00    00000100     UNINITIALIZED
                  00000d00    00000100     DSP2833x_GlobalVariableDefs.obj (PieVectTableFile)

DmaRegsFile 
*          1    00001000    000000e0     UNINITIALIZED
                  00001000    000000e0     DSP2833x_GlobalVariableDefs.obj (DmaRegsFile)

McbspaRegsFile 
*          1    00005000    00000025     UNINITIALIZED
                  00005000    00000025     DSP2833x_GlobalVariableDefs.obj (McbspaRegsFile)

McbspbRegsFile 
*          1    00005040    00000025     UNINITIALIZED
                  00005040    00000025     DSP2833x_GlobalVariableDefs.obj (McbspbRegsFile)

ECanaRegsFile 
*          1    00006000    00000034     UNINITIALIZED
                  00006000    00000034     DSP2833x_GlobalVariableDefs.obj (ECanaRegsFile)

ECanaLAMRegsFile 
*          1    00006040    00000040     UNINITIALIZED
                  00006040    00000040     DSP2833x_GlobalVariableDefs.obj (ECanaLAMRegsFile)

ECanaMOTSRegsFile 
*          1    00006080    00000040     UNINITIALIZED
                  00006080    00000040     DSP2833x_GlobalVariableDefs.obj (ECanaMOTSRegsFile)

ECanaMOTORegsFile 
*          1    000060c0    00000040     UNINITIALIZED
                  000060c0    00000040     DSP2833x_GlobalVariableDefs.obj (ECanaMOTORegsFile)

ECanaMboxesFile 
*          1    00006100    00000100     UNINITIALIZED
                  00006100    00000100     DSP2833x_GlobalVariableDefs.obj (ECanaMboxesFile)

ECanbRegsFile 
*          1    00006200    00000034     UNINITIALIZED
                  00006200    00000034     DSP2833x_GlobalVariableDefs.obj (ECanbRegsFile)

ECanbLAMRegsFile 
*          1    00006240    00000040     UNINITIALIZED
                  00006240    00000040     DSP2833x_GlobalVariableDefs.obj (ECanbLAMRegsFile)

ECanbMOTSRegsFile 
*          1    00006280    00000040     UNINITIALIZED
                  00006280    00000040     DSP2833x_GlobalVariableDefs.obj (ECanbMOTSRegsFile)

ECanbMOTORegsFile 
*          1    000062c0    00000040     UNINITIALIZED
                  000062c0    00000040     DSP2833x_GlobalVariableDefs.obj (ECanbMOTORegsFile)

ECanbMboxesFile 
*          1    00006300    00000100     UNINITIALIZED
                  00006300    00000100     DSP2833x_GlobalVariableDefs.obj (ECanbMboxesFile)

EPwm1RegsFile 
*          1    00006800    00000022     UNINITIALIZED
                  00006800    00000022     DSP2833x_GlobalVariableDefs.obj (EPwm1RegsFile)

EPwm2RegsFile 
*          1    00006840    00000022     UNINITIALIZED
                  00006840    00000022     DSP2833x_GlobalVariableDefs.obj (EPwm2RegsFile)

EPwm3RegsFile 
*          1    00006880    00000022     UNINITIALIZED
                  00006880    00000022     DSP2833x_GlobalVariableDefs.obj (EPwm3RegsFile)

EPwm4RegsFile 
*          1    000068c0    00000022     UNINITIALIZED
                  000068c0    00000022     DSP2833x_GlobalVariableDefs.obj (EPwm4RegsFile)

EPwm5RegsFile 
*          1    00006900    00000022     UNINITIALIZED
                  00006900    00000022     DSP2833x_GlobalVariableDefs.obj (EPwm5RegsFile)

EPwm6RegsFile 
*          1    00006940    00000022     UNINITIALIZED
                  00006940    00000022     DSP2833x_GlobalVariableDefs.obj (EPwm6RegsFile)

ECap1RegsFile 
*          1    00006a00    00000020     UNINITIALIZED
                  00006a00    00000020     DSP2833x_GlobalVariableDefs.obj (ECap1RegsFile)

ECap2RegsFile 
*          1    00006a20    00000020     UNINITIALIZED
                  00006a20    00000020     DSP2833x_GlobalVariableDefs.obj (ECap2RegsFile)

ECap3RegsFile 
*          1    00006a40    00000020     UNINITIALIZED
                  00006a40    00000020     DSP2833x_GlobalVariableDefs.obj (ECap3RegsFile)

ECap4RegsFile 
*          1    00006a60    00000020     UNINITIALIZED
                  00006a60    00000020     DSP2833x_GlobalVariableDefs.obj (ECap4RegsFile)

ECap5RegsFile 
*          1    00006a80    00000020     UNINITIALIZED
                  00006a80    00000020     DSP2833x_GlobalVariableDefs.obj (ECap5RegsFile)

ECap6RegsFile 
*          1    00006aa0    00000020     UNINITIALIZED
                  00006aa0    00000020     DSP2833x_GlobalVariableDefs.obj (ECap6RegsFile)

EQep1RegsFile 
*          1    00006b00    00000040     UNINITIALIZED
                  00006b00    00000040     DSP2833x_GlobalVariableDefs.obj (EQep1RegsFile)

EQep2RegsFile 
*          1    00006b40    00000040     UNINITIALIZED
                  00006b40    00000040     DSP2833x_GlobalVariableDefs.obj (EQep2RegsFile)

GpioCtrlRegsFile 
*          1    00006f80    0000002e     UNINITIALIZED
                  00006f80    0000002e     DSP2833x_GlobalVariableDefs.obj (GpioCtrlRegsFile)

GpioDataRegsFile 
*          1    00006fc0    00000020     UNINITIALIZED
                  00006fc0    00000020     DSP2833x_GlobalVariableDefs.obj (GpioDataRegsFile)

GpioIntRegsFile 
*          1    00006fe0    0000000a     UNINITIALIZED
                  00006fe0    0000000a     DSP2833x_GlobalVariableDefs.obj (GpioIntRegsFile)

SysCtrlRegsFile 
*          1    00007010    00000020     UNINITIALIZED
                  00007010    00000020     DSP2833x_GlobalVariableDefs.obj (SysCtrlRegsFile)

SpiaRegsFile 
*          1    00007040    00000010     UNINITIALIZED
                  00007040    00000010     DSP2833x_GlobalVariableDefs.obj (SpiaRegsFile)

SciaRegsFile 
*          1    00007050    00000010     UNINITIALIZED
                  00007050    00000010     DSP2833x_GlobalVariableDefs.obj (SciaRegsFile)

XIntruptRegsFile 
*          1    00007070    00000010     UNINITIALIZED
                  00007070    00000010     DSP2833x_GlobalVariableDefs.obj (XIntruptRegsFile)

AdcRegsFile 
*          1    00007100    0000001e     UNINITIALIZED
                  00007100    0000001e     DSP2833x_GlobalVariableDefs.obj (AdcRegsFile)

ScibRegsFile 
*          1    00007750    00000010     UNINITIALIZED
                  00007750    00000010     DSP2833x_GlobalVariableDefs.obj (ScibRegsFile)

ScicRegsFile 
*          1    00007770    00000010     UNINITIALIZED
                  00007770    00000010     DSP2833x_GlobalVariableDefs.obj (ScicRegsFile)

I2caRegsFile 
*          1    00007900    00000022     UNINITIALIZED
                  00007900    00000022     DSP2833x_GlobalVariableDefs.obj (I2caRegsFile)

CsmPwlFile 
*          1    0033fff8    00000008     UNINITIALIZED
                  0033fff8    00000008     DSP2833x_GlobalVariableDefs.obj (CsmPwlFile)

.bss       1    0000d000    00000000     UNINITIALIZED

.ebss      1    0000d102    00000047     UNINITIALIZED
                  0000d102    00000018     DSP2833x_CpuTimers.obj (.ebss)
                  0000d11a    00000010     ledControl_data.obj (.ebss)
                  0000d12a    0000000c     ledControl.obj (.ebss)
                  0000d136    00000006     rts2800_fpu32.lib : exit.c.obj (.ebss)
                  0000d13c    00000003     ert_main.obj (.ebss)
                  0000d13f    00000001     MW_c28xGPIO.obj (.ebss)
                  0000d140    00000002     rts2800_fpu32.lib : _lock.c.obj (.ebss:__lock)
                  0000d142    00000002                       : _lock.c.obj (.ebss:__unlock)
                  0000d144    00000002     ert_main.obj (.ebss:_isRateRunning)
                  0000d146    00000002     ert_main.obj (.ebss:_need2runFlags)
                  0000d148    00000001     MW_c28xGlobalInterrupts.obj (.ebss)

.cinit     0    00008000    0000003f     
                  00008000    00000013     ledControl_data.obj (.cinit)
                  00008013    0000000e     rts2800_fpu32.lib : exit.c.obj (.cinit)
                  00008021    00000005                       : _lock.c.obj (.cinit:__lock)
                  00008026    00000005                       : _lock.c.obj (.cinit:__unlock)
                  0000802b    00000005     ert_main.obj (.cinit:_isRateRunning)
                  00008030    00000005     ert_main.obj (.cinit:_need2runFlags)
                  00008035    00000004     MW_c28xGPIO.obj (.cinit)
                  00008039    00000004     ert_main.obj (.cinit)
                  0000803d    00000002     --HOLE-- [fill = 0]

.pinit     0    00008000    00000000     UNINITIALIZED

.econst    1    0000d000    00000102     
                  0000d000    00000100     DSP2833x_PieVect.obj (.econst:_PieVectTableInit)
                  0000d100    00000002     ledControl.obj (.econst)

.reset     0    003fffc0    00000002     DSECT
                  003fffc0    00000002     rts2800_fpu32.lib : boot28.asm.obj (.reset)

.data      1    0000d000    00000000     UNINITIALIZED

.stack     1    00000400    00000400     UNINITIALIZED
                  00000400    00000400     --HOLE--

codestart 
*          0    00000000    00000002     
                  00000000    00000002     DSP2833x_CodeStartBranch.obj (codestart)

ramfuncs   0    0000803f    00000004     
                  0000803f    00000004     DSP2833x_usDelay.obj (ramfuncs)

.adc_cal   0    00380080    00000007     NOLOAD SECTION
                  00380080    00000007     DSP2833x_ADC_cal.obj (.adc_cal)

FPUmathTables 
*          0    003febdc    000006a0     NOLOAD SECTION
                  003febdc    000006a0     rts2800_fpu32_fast_supplement.lib : FPUmathTables.obj (FPUmathTables)

.text      0    00008043    00000974     
                  00008043    00000316     DSP2833x_DefaultIsr.obj (.text:retain)
                  00008359    000000f6     DSP2833x_SysCtrl.obj (.text)
                  0000844f    000000cc     ledControl.obj (.text)
                  0000851b    0000008e     ert_main.obj (.text)
                  000085a9    0000007b     DSP2833x_CpuTimers.obj (.text)
                  00008624    0000007a     MW_c28xx_board.obj (.text)
                  0000869e    00000056     rts2800_fpu32.lib : boot28.asm.obj (.text)
                  000086f4    0000004f     rts2800_fpu32_fast_supplement.lib : atan2_f32.obj (.text)
                  00008743    0000004e     c2833xSchedulerTimer0.obj (.text)
                  00008791    0000004a     rts2800_fpu32_fast_supplement.lib : atan_f32.obj (.text)
                  000087db    00000044     c2833xSchedulerTimer0.obj (.text:retain)
                  0000881f    00000034     rts2800_fpu32_fast_supplement.lib : cos_f32.obj (.text)
                  00008853    00000034                                       : sin_f32.obj (.text)
                  00008887    00000029     rts2800_fpu32.lib : exit.c.obj (.text)
                  000088b0    00000028     DSP2833x_PieCtrl.obj (.text)
                  000088d8    00000026     c2833xBoard_Realtime_Support.obj (.text)
                  000088fe    00000024     rts2800_fpu32.lib : cpy_tbl.c.obj (.text)
                  00008922    00000021     rts2800_fpu32_fast_supplement.lib : sqrt_f32.obj (.text)
                  00008943    00000020     DSP2833x_PieVect.obj (.text)
                  00008963    0000001d     rts2800_fpu32.lib : memcpy.c.obj (.text)
                  00008980    00000012                       : args_main.c.obj (.text)
                  00008992    00000011     MW_c28xGlobalInterrupts.obj (.text)
                  000089a3    00000009     rts2800_fpu32.lib : _lock.c.obj (.text)
                  000089ac    00000008     DSP2833x_CodeStartBranch.obj (.text)
                  000089b4    00000002     rts2800_fpu32.lib : pre_init.c.obj (.text)
                  000089b6    00000001                       : startup.c.obj (.text)

MODULE SUMMARY

       Module                             code   initialized data   uninitialized data
       ------                             ----   ----------------   ------------------
    <current directory>
       DSP2833x_GlobalVariableDefs.obj    0      0                  2678              
       DSP2833x_DefaultIsr.obj            790    0                  0                 
       DSP2833x_PieVect.obj               32     256                0                 
       DSP2833x_SysCtrl.obj               246    0                  0                 
       ledControl.obj                     204    2                  12                
       ert_main.obj                       142    14                 7                 
       DSP2833x_CpuTimers.obj             123    0                  24                
       c2833xSchedulerTimer0.obj          146    0                  0                 
       MW_c28xx_board.obj                 122    0                  0                 
       DSP2833x_PieCtrl.obj               40     0                  0                 
       c2833xBoard_Realtime_Support.obj   38     0                  0                 
       ledControl_data.obj                0      19                 16                
       MW_c28xGlobalInterrupts.obj        17     0                  1                 
       DSP2833x_CodeStartBranch.obj       10     0                  0                 
       DSP2833x_ADC_cal.obj               7      0                  0                 
       MW_c28xGPIO.obj                    0      4                  1                 
       DSP2833x_usDelay.obj               4      0                  0                 
    +--+----------------------------------+------+------------------+--------------------+
       Total:                             1921   295                2739              
                                                                                      
    C:/ProgramData/MATLAB/SupportPackages/3P.instrset/tic28xcodegentools.instrset/ti-cgt-c2000_20.2.1.LTS/lib/rts2800_fpu32.lib
       boot28.asm.obj                     86     0                  0                 
       exit.c.obj                         41     14                 6                 
       cpy_tbl.c.obj                      36     0                  0                 
       memcpy.c.obj                       29     0                  0                 
       _lock.c.obj                        9      10                 4                 
       args_main.c.obj                    18     0                  0                 
       pre_init.c.obj                     2      0                  0                 
       startup.c.obj                      1      0                  0                 
    +--+----------------------------------+------+------------------+--------------------+
       Total:                             222    24                 10                
                                                                                      
    C:/ti/controlSUITE/libs/math/FPUfastRTS/V100/lib/rts2800_fpu32_fast_supplement.lib
       FPUmathTables.obj                  0      1696               0                 
       atan2_f32.obj                      79     0                  0                 
       atan_f32.obj                       74     0                  0                 
       cos_f32.obj                        52     0                  0                 
       sin_f32.obj                        52     0                  0                 
       sqrt_f32.obj                       33     0                  0                 
    +--+----------------------------------+------+------------------+--------------------+
       Total:                             290    1696               0                 
                                                                                      
       Stack:                             0      0                  1024              
    +--+----------------------------------+------+------------------+--------------------+
       Grand Total:                       2433   2015               3773              


GLOBAL DATA SYMBOLS: SORTED BY DATA PAGE

address     data page           name
--------    ----------------    ----
00000400      10 (00000400)     __stack

00000880      22 (00000880)     _DevEmuRegs

00000a80      2a (00000a80)     _FlashRegs

00000ae0      2b (00000ac0)     _CsmRegs

00000b00      2c (00000b00)     _AdcMirror
00000b20      2c (00000b00)     _XintfRegs

00000c00      30 (00000c00)     _CpuTimer0Regs
00000c08      30 (00000c00)     _CpuTimer1Regs
00000c10      30 (00000c00)     _CpuTimer2Regs

00000ce0      33 (00000cc0)     _PieCtrlRegs

00000d00      34 (00000d00)     _PieVectTable

00001000      40 (00001000)     _DmaRegs

00005000     140 (00005000)     _McbspaRegs

00005040     141 (00005040)     _McbspbRegs

00006000     180 (00006000)     _ECanaRegs

00006040     181 (00006040)     _ECanaLAMRegs

00006080     182 (00006080)     _ECanaMOTSRegs

000060c0     183 (000060c0)     _ECanaMOTORegs

00006100     184 (00006100)     _ECanaMboxes

00006200     188 (00006200)     _ECanbRegs

00006240     189 (00006240)     _ECanbLAMRegs

00006280     18a (00006280)     _ECanbMOTSRegs

000062c0     18b (000062c0)     _ECanbMOTORegs

00006300     18c (00006300)     _ECanbMboxes

00006800     1a0 (00006800)     _EPwm1Regs

00006840     1a1 (00006840)     _EPwm2Regs

00006880     1a2 (00006880)     _EPwm3Regs

000068c0     1a3 (000068c0)     _EPwm4Regs

00006900     1a4 (00006900)     _EPwm5Regs

00006940     1a5 (00006940)     _EPwm6Regs

00006a00     1a8 (00006a00)     _ECap1Regs
00006a20     1a8 (00006a00)     _ECap2Regs

00006a40     1a9 (00006a40)     _ECap3Regs
00006a60     1a9 (00006a40)     _ECap4Regs

00006a80     1aa (00006a80)     _ECap5Regs
00006aa0     1aa (00006a80)     _ECap6Regs

00006b00     1ac (00006b00)     _EQep1Regs

00006b40     1ad (00006b40)     _EQep2Regs

00006f80     1be (00006f80)     _GpioCtrlRegs

00006fc0     1bf (00006fc0)     _GpioDataRegs
00006fe0     1bf (00006fc0)     _GpioIntRegs

00007010     1c0 (00007000)     _SysCtrlRegs

00007040     1c1 (00007040)     _SpiaRegs
00007050     1c1 (00007040)     _SciaRegs
00007070     1c1 (00007040)     _XIntruptRegs

00007100     1c4 (00007100)     _AdcRegs

00007750     1dd (00007740)     _ScibRegs
00007770     1dd (00007740)     _ScicRegs

00007900     1e4 (00007900)     _I2caRegs

0000d000     340 (0000d000)     _PieVectTableInit

0000d100     344 (0000d100)     _ledControl_M
0000d102     344 (0000d100)     _CpuTimer0
0000d10a     344 (0000d100)     _CpuTimer1
0000d112     344 (0000d100)     _CpuTimer2
0000d11a     344 (0000d100)     _ledControl_P
0000d12a     344 (0000d100)     _ledControl_B
0000d12e     344 (0000d100)     _ledControl_DW
0000d136     344 (0000d100)     ___TI_enable_exit_profile_output
0000d138     344 (0000d100)     ___TI_cleanup_ptr
0000d13a     344 (0000d100)     ___TI_dtors_ptr
0000d13c     344 (0000d100)     _IsrOverrun
0000d13d     344 (0000d100)     _stopRequested
0000d13e     344 (0000d100)     _runModel
0000d13f     344 (0000d100)     _GPIO_oneTimeInit

0000d140     345 (0000d140)     __lock
0000d142     345 (0000d140)     __unlock
0000d144     345 (0000d140)     _isRateRunning
0000d146     345 (0000d140)     _need2runFlags
0000d148     345 (0000d140)     _MW_InterruptDisableLock

0033fff8    cfff (0033ffc0)     _CsmPwl

003febdc    ffaf (003febc0)     _FPUsinTable

003fecdc    ffb3 (003fecc0)     _FPUcosTable

003fefdc    ffbf (003fefc0)     _FPUsinTableEnd

003ff0de    ffc3 (003ff0c0)     _FPUatan2HalfPITable
003ff0de    ffc3 (003ff0c0)     _FPUcosTableEnd
003ff0e2    ffc3 (003ff0c0)     _FPUatan2Table

003ff268    ffc9 (003ff240)     _FPUatan2TableEnd


GLOBAL SYMBOLS: SORTED ALPHABETICALLY BY Name 

page  address   name                                
----  -------   ----                                
1     0000d000  .bss                                
1     0000d000  .data                               
abs   ffffffff  .text                               
0     00008887  C$$EXIT                             
0     00008129  _ADCINT_ISR                         
0     00380080  _ADC_cal                            
1     00000b00  _AdcMirror                          
1     00007100  _AdcRegs                            
0     000085ea  _ConfigCpuTimer                     
1     0000d102  _CpuTimer0                          
1     00000c00  _CpuTimer0Regs                      
1     0000d10a  _CpuTimer1                          
1     00000c08  _CpuTimer1Regs                      
1     0000d112  _CpuTimer2                          
1     00000c10  _CpuTimer2Regs                      
1     0033fff8  _CsmPwl                             
1     00000ae0  _CsmRegs                            
0     0000841e  _CsmUnlock                          
0     00008057  _DATALOG_ISR                        
0     0000824b  _DINTCH1_ISR                        
0     00008255  _DINTCH2_ISR                        
0     0000825f  _DINTCH3_ISR                        
0     00008269  _DINTCH4_ISR                        
0     00008273  _DINTCH5_ISR                        
0     0000827d  _DINTCH6_ISR                        
0     0000803f  _DSP28x_usDelay                     
1     00000880  _DevEmuRegs                         
0     0000836c  _DisableDog                         
1     00001000  _DmaRegs                            
0     000082d7  _ECAN0INTA_ISR                      
0     000082eb  _ECAN0INTB_ISR                      
0     000082e1  _ECAN1INTA_ISR                      
0     000082f5  _ECAN1INTB_ISR                      
0     000081bf  _ECAP1_INT_ISR                      
0     000081c9  _ECAP2_INT_ISR                      
0     000081d3  _ECAP3_INT_ISR                      
0     000081dd  _ECAP4_INT_ISR                      
0     000081e7  _ECAP5_INT_ISR                      
0     000081f1  _ECAP6_INT_ISR                      
1     00006040  _ECanaLAMRegs                       
1     000060c0  _ECanaMOTORegs                      
1     00006080  _ECanaMOTSRegs                      
1     00006100  _ECanaMboxes                        
1     00006000  _ECanaRegs                          
1     00006240  _ECanbLAMRegs                       
1     000062c0  _ECanbMOTORegs                      
1     00006280  _ECanbMOTSRegs                      
1     00006300  _ECanbMboxes                        
1     00006200  _ECanbRegs                          
1     00006a00  _ECap1Regs                          
1     00006a20  _ECap2Regs                          
1     00006a40  _ECap3Regs                          
1     00006a60  _ECap4Regs                          
1     00006a80  _ECap5Regs                          
1     00006aa0  _ECap6Regs                          
0     0000806b  _EMUINT_ISR                         
0     00008183  _EPWM1_INT_ISR                      
0     00008147  _EPWM1_TZINT_ISR                    
0     0000818d  _EPWM2_INT_ISR                      
0     00008151  _EPWM2_TZINT_ISR                    
0     00008197  _EPWM3_INT_ISR                      
0     0000815b  _EPWM3_TZINT_ISR                    
0     000081a1  _EPWM4_INT_ISR                      
0     00008165  _EPWM4_TZINT_ISR                    
0     000081ab  _EPWM5_INT_ISR                      
0     0000816f  _EPWM5_TZINT_ISR                    
0     000081b5  _EPWM6_INT_ISR                      
0     00008179  _EPWM6_TZINT_ISR                    
1     00006800  _EPwm1Regs                          
1     00006840  _EPwm2Regs                          
1     00006880  _EPwm3Regs                          
1     000068c0  _EPwm4Regs                          
1     00006900  _EPwm5Regs                          
1     00006940  _EPwm6Regs                          
0     000081fb  _EQEP1_INT_ISR                      
0     00008205  _EQEP2_INT_ISR                      
1     00006b00  _EQep1Regs                          
1     00006b40  _EQep2Regs                          
0     000088cf  _EnableInterrupts                   
0     003ff0de  _FPUatan2HalfPITable                
0     003ff0e2  _FPUatan2Table                      
0     003ff268  _FPUatan2TableEnd                   
0     003fecdc  _FPUcosTable                        
0     003ff0de  _FPUcosTableEnd                     
0     003febdc  _FPUsinTable                        
0     003fefdc  _FPUsinTableEnd                     
1     00000a80  _FlashRegs                          
1     0000d13f  _GPIO_oneTimeInit                   
1     00006f80  _GpioCtrlRegs                       
1     00006fc0  _GpioDataRegs                       
1     00006fe0  _GpioIntRegs                        
0     00008287  _I2CINT1A_ISR                       
0     00008291  _I2CINT2A_ISR                       
1     00007900  _I2caRegs                           
0     0000807f  _ILLEGAL_ISR                        
0     00008043  _INT13_ISR                          
0     0000804d  _INT14_ISR                          
0     000085a9  _InitCpuTimers                      
0     000083c5  _InitPeripheralClocks               
0     000088b0  _InitPieCtrl                        
0     00008943  _InitPieVectTable                   
0     00008374  _InitPll                            
0     00008359  _InitSysCtrl                        
0     0000867f  _InitXintf16Gpio                    
1     0000d13c  _IsrOverrun                         
0     0000833b  _LUF_ISR                            
0     00008331  _LVF_ISR                            
0     00008237  _MRINTA_ISR                         
0     00008223  _MRINTB_ISR                         
1     0000d148  _MW_InterruptDisableLock            
0     00008241  _MXINTA_ISR                         
0     0000822d  _MXINTB_ISR                         
1     00005000  _McbspaRegs                         
1     00005040  _McbspbRegs                         
0     00008075  _NMI_ISR                            
0     00008345  _PIE_RESERVED                       
1     00000ce0  _PieCtrlRegs                        
1     00000d00  _PieVectTable                       
1     0000d000  _PieVectTableInit                   
0     00008061  _RTOSINT_ISR                        
0     000082af  _SCIRXINTA_ISR                      
0     000082c3  _SCIRXINTB_ISR                      
0     0000829b  _SCIRXINTC_ISR                      
0     000082b9  _SCITXINTA_ISR                      
0     000082cd  _SCITXINTB_ISR                      
0     000082a5  _SCITXINTC_ISR                      
0     00008101  _SEQ1INT_ISR                        
0     0000810b  _SEQ2INT_ISR                        
0     0000820f  _SPIRXINTA_ISR                      
0     00008219  _SPITXINTA_ISR                      
1     00007050  _SciaRegs                           
1     00007750  _ScibRegs                           
1     00007770  _ScicRegs                           
0     00008362  _ServiceDog                         
1     00007040  _SpiaRegs                           
1     00007010  _SysCtrlRegs                        
0     00008133  _TINT0_ISR                          
0     000087db  _TINT0_isr                          
0     000080e3  _USER10_ISR                         
0     000080ed  _USER11_ISR                         
0     000080f7  _USER12_ISR                         
0     00008089  _USER1_ISR                          
0     00008093  _USER2_ISR                          
0     0000809d  _USER3_ISR                          
0     000080a7  _USER4_ISR                          
0     000080b1  _USER5_ISR                          
0     000080bb  _USER6_ISR                          
0     000080c5  _USER7_ISR                          
0     000080cf  _USER8_ISR                          
0     000080d9  _USER9_ISR                          
0     0000813d  _WAKEINT_ISR                        
0     00008115  _XINT1_ISR                          
0     0000811f  _XINT2_ISR                          
0     000082ff  _XINT3_ISR                          
0     00008309  _XINT4_ISR                          
0     00008313  _XINT5_ISR                          
0     0000831d  _XINT6_ISR                          
0     00008327  _XINT7_ISR                          
1     00007070  _XIntruptRegs                       
1     00000b20  _XintfRegs                          
1     00000800  __STACK_END                         
abs   00000400  __STACK_SIZE                        
1     0000d138  ___TI_cleanup_ptr                   
1     0000d13a  ___TI_dtors_ptr                     
1     0000d136  ___TI_enable_exit_profile_output    
abs   ffffffff  ___TI_pprof_out_hndl                
abs   ffffffff  ___TI_prof_data_size                
abs   ffffffff  ___TI_prof_data_start               
abs   ffffffff  ___binit__                          
1     0000d000  ___bss__                            
abs   ffffffff  ___c_args__                         
0     00008000  ___cinit__                          
1     0000d000  ___data__                           
1     0000d000  ___edata__                          
1     0000d000  ___end__                            
abs   ffffffff  ___etext__                          
abs   ffffffff  ___pinit__                          
abs   ffffffff  ___text__                           
0     00008980  __args_main                         
1     0000d140  __lock                              
0     000089ab  __nop                               
0     000089a7  __register_lock                     
0     000089a3  __register_unlock                   
1     00000400  __stack                             
0     000089b6  __system_post_cinit                 
0     000089b4  __system_pre_init                   
1     0000d142  __unlock                            
0     00008887  _abort                              
0     00008791  _atan                               
0     000086f4  _atan2                              
0     000088f4  _atan2f                             
0     000088ed  _atanf                              
0     000088fd  _c2000_flash_init                   
0     0000869e  _c_int00                            
0     00008743  _configureTimer0                    
0     000088fe  _copy_in                            
0     0000881f  _cos                                
0     000088d8  _cosf                               
0     00008770  _disableTimer0Interrupt             
0     00008768  _enableTimer0Interrupt              
0     00008889  _exit                               
0     0000899a  _globalInterruptDisable             
0     00008992  _globalInterruptEnable              
0     00008624  _init_board                         
1     0000d144  _isRateRunning                      
1     0000d12a  _ledControl_B                       
1     0000d12e  _ledControl_DW                      
1     0000d100  _ledControl_M                       
1     0000d11a  _ledControl_P                       
0     0000844f  _ledControl_SetEventsForThisBaseStep
0     000084eb  _ledControl_initialize              
0     00008469  _ledControl_step0                   
0     000084ab  _ledControl_step1                   
0     0000851a  _ledControl_terminate               
0     00008560  _main                               
0     00008963  _memcpy                             
1     0000d146  _need2runFlags                      
0     00008786  _restoreTimer0Interrupt             
0     0000834f  _rsvd_ISR                           
0     0000851b  _rt_OneStep                         
1     0000d13e  _runModel                           
0     00008853  _sin                                
0     000088df  _sinf                               
0     00008922  _sqrt                               
0     000088e6  _sqrtf                              
1     0000d13d  _stopRequested                      
abs   ffffffff  binit                               
0     00008000  cinit                               
0     00000000  code_start                          
1     0000d000  edata                               
1     0000d000  end                                 
abs   ffffffff  etext                               
abs   ffffffff  pinit                               


GLOBAL SYMBOLS: SORTED BY Symbol Address 

page  address   name                                
----  -------   ----                                
0     00000000  code_start                          
0     00008000  ___cinit__                          
0     00008000  cinit                               
0     0000803f  _DSP28x_usDelay                     
0     00008043  _INT13_ISR                          
0     0000804d  _INT14_ISR                          
0     00008057  _DATALOG_ISR                        
0     00008061  _RTOSINT_ISR                        
0     0000806b  _EMUINT_ISR                         
0     00008075  _NMI_ISR                            
0     0000807f  _ILLEGAL_ISR                        
0     00008089  _USER1_ISR                          
0     00008093  _USER2_ISR                          
0     0000809d  _USER3_ISR                          
0     000080a7  _USER4_ISR                          
0     000080b1  _USER5_ISR                          
0     000080bb  _USER6_ISR                          
0     000080c5  _USER7_ISR                          
0     000080cf  _USER8_ISR                          
0     000080d9  _USER9_ISR                          
0     000080e3  _USER10_ISR                         
0     000080ed  _USER11_ISR                         
0     000080f7  _USER12_ISR                         
0     00008101  _SEQ1INT_ISR                        
0     0000810b  _SEQ2INT_ISR                        
0     00008115  _XINT1_ISR                          
0     0000811f  _XINT2_ISR                          
0     00008129  _ADCINT_ISR                         
0     00008133  _TINT0_ISR                          
0     0000813d  _WAKEINT_ISR                        
0     00008147  _EPWM1_TZINT_ISR                    
0     00008151  _EPWM2_TZINT_ISR                    
0     0000815b  _EPWM3_TZINT_ISR                    
0     00008165  _EPWM4_TZINT_ISR                    
0     0000816f  _EPWM5_TZINT_ISR                    
0     00008179  _EPWM6_TZINT_ISR                    
0     00008183  _EPWM1_INT_ISR                      
0     0000818d  _EPWM2_INT_ISR                      
0     00008197  _EPWM3_INT_ISR                      
0     000081a1  _EPWM4_INT_ISR                      
0     000081ab  _EPWM5_INT_ISR                      
0     000081b5  _EPWM6_INT_ISR                      
0     000081bf  _ECAP1_INT_ISR                      
0     000081c9  _ECAP2_INT_ISR                      
0     000081d3  _ECAP3_INT_ISR                      
0     000081dd  _ECAP4_INT_ISR                      
0     000081e7  _ECAP5_INT_ISR                      
0     000081f1  _ECAP6_INT_ISR                      
0     000081fb  _EQEP1_INT_ISR                      
0     00008205  _EQEP2_INT_ISR                      
0     0000820f  _SPIRXINTA_ISR                      
0     00008219  _SPITXINTA_ISR                      
0     00008223  _MRINTB_ISR                         
0     0000822d  _MXINTB_ISR                         
0     00008237  _MRINTA_ISR                         
0     00008241  _MXINTA_ISR                         
0     0000824b  _DINTCH1_ISR                        
0     00008255  _DINTCH2_ISR                        
0     0000825f  _DINTCH3_ISR                        
0     00008269  _DINTCH4_ISR                        
0     00008273  _DINTCH5_ISR                        
0     0000827d  _DINTCH6_ISR                        
0     00008287  _I2CINT1A_ISR                       
0     00008291  _I2CINT2A_ISR                       
0     0000829b  _SCIRXINTC_ISR                      
0     000082a5  _SCITXINTC_ISR                      
0     000082af  _SCIRXINTA_ISR                      
0     000082b9  _SCITXINTA_ISR                      
0     000082c3  _SCIRXINTB_ISR                      
0     000082cd  _SCITXINTB_ISR                      
0     000082d7  _ECAN0INTA_ISR                      
0     000082e1  _ECAN1INTA_ISR                      
0     000082eb  _ECAN0INTB_ISR                      
0     000082f5  _ECAN1INTB_ISR                      
0     000082ff  _XINT3_ISR                          
0     00008309  _XINT4_ISR                          
0     00008313  _XINT5_ISR                          
0     0000831d  _XINT6_ISR                          
0     00008327  _XINT7_ISR                          
0     00008331  _LVF_ISR                            
0     0000833b  _LUF_ISR                            
0     00008345  _PIE_RESERVED                       
0     0000834f  _rsvd_ISR                           
0     00008359  _InitSysCtrl                        
0     00008362  _ServiceDog                         
0     0000836c  _DisableDog                         
0     00008374  _InitPll                            
0     000083c5  _InitPeripheralClocks               
0     0000841e  _CsmUnlock                          
0     0000844f  _ledControl_SetEventsForThisBaseStep
0     00008469  _ledControl_step0                   
0     000084ab  _ledControl_step1                   
0     000084eb  _ledControl_initialize              
0     0000851a  _ledControl_terminate               
0     0000851b  _rt_OneStep                         
0     00008560  _main                               
0     000085a9  _InitCpuTimers                      
0     000085ea  _ConfigCpuTimer                     
0     00008624  _init_board                         
0     0000867f  _InitXintf16Gpio                    
0     0000869e  _c_int00                            
0     000086f4  _atan2                              
0     00008743  _configureTimer0                    
0     00008768  _enableTimer0Interrupt              
0     00008770  _disableTimer0Interrupt             
0     00008786  _restoreTimer0Interrupt             
0     00008791  _atan                               
0     000087db  _TINT0_isr                          
0     0000881f  _cos                                
0     00008853  _sin                                
0     00008887  C$$EXIT                             
0     00008887  _abort                              
0     00008889  _exit                               
0     000088b0  _InitPieCtrl                        
0     000088cf  _EnableInterrupts                   
0     000088d8  _cosf                               
0     000088df  _sinf                               
0     000088e6  _sqrtf                              
0     000088ed  _atanf                              
0     000088f4  _atan2f                             
0     000088fd  _c2000_flash_init                   
0     000088fe  _copy_in                            
0     00008922  _sqrt                               
0     00008943  _InitPieVectTable                   
0     00008963  _memcpy                             
0     00008980  __args_main                         
0     00008992  _globalInterruptEnable              
0     0000899a  _globalInterruptDisable             
0     000089a3  __register_unlock                   
0     000089a7  __register_lock                     
0     000089ab  __nop                               
0     000089b4  __system_pre_init                   
0     000089b6  __system_post_cinit                 
0     00380080  _ADC_cal                            
0     003febdc  _FPUsinTable                        
0     003fecdc  _FPUcosTable                        
0     003fefdc  _FPUsinTableEnd                     
0     003ff0de  _FPUatan2HalfPITable                
0     003ff0de  _FPUcosTableEnd                     
0     003ff0e2  _FPUatan2Table                      
0     003ff268  _FPUatan2TableEnd                   
1     00000400  __stack                             
1     00000800  __STACK_END                         
1     00000880  _DevEmuRegs                         
1     00000a80  _FlashRegs                          
1     00000ae0  _CsmRegs                            
1     00000b00  _AdcMirror                          
1     00000b20  _XintfRegs                          
1     00000c00  _CpuTimer0Regs                      
1     00000c08  _CpuTimer1Regs                      
1     00000c10  _CpuTimer2Regs                      
1     00000ce0  _PieCtrlRegs                        
1     00000d00  _PieVectTable                       
1     00001000  _DmaRegs                            
1     00005000  _McbspaRegs                         
1     00005040  _McbspbRegs                         
1     00006000  _ECanaRegs                          
1     00006040  _ECanaLAMRegs                       
1     00006080  _ECanaMOTSRegs                      
1     000060c0  _ECanaMOTORegs                      
1     00006100  _ECanaMboxes                        
1     00006200  _ECanbRegs                          
1     00006240  _ECanbLAMRegs                       
1     00006280  _ECanbMOTSRegs                      
1     000062c0  _ECanbMOTORegs                      
1     00006300  _ECanbMboxes                        
1     00006800  _EPwm1Regs                          
1     00006840  _EPwm2Regs                          
1     00006880  _EPwm3Regs                          
1     000068c0  _EPwm4Regs                          
1     00006900  _EPwm5Regs                          
1     00006940  _EPwm6Regs                          
1     00006a00  _ECap1Regs                          
1     00006a20  _ECap2Regs                          
1     00006a40  _ECap3Regs                          
1     00006a60  _ECap4Regs                          
1     00006a80  _ECap5Regs                          
1     00006aa0  _ECap6Regs                          
1     00006b00  _EQep1Regs                          
1     00006b40  _EQep2Regs                          
1     00006f80  _GpioCtrlRegs                       
1     00006fc0  _GpioDataRegs                       
1     00006fe0  _GpioIntRegs                        
1     00007010  _SysCtrlRegs                        
1     00007040  _SpiaRegs                           
1     00007050  _SciaRegs                           
1     00007070  _XIntruptRegs                       
1     00007100  _AdcRegs                            
1     00007750  _ScibRegs                           
1     00007770  _ScicRegs                           
1     00007900  _I2caRegs                           
1     0000d000  .bss                                
1     0000d000  .data                               
1     0000d000  _PieVectTableInit                   
1     0000d000  ___bss__                            
1     0000d000  ___data__                           
1     0000d000  ___edata__                          
1     0000d000  ___end__                            
1     0000d000  edata                               
1     0000d000  end                                 
1     0000d100  _ledControl_M                       
1     0000d102  _CpuTimer0                          
1     0000d10a  _CpuTimer1                          
1     0000d112  _CpuTimer2                          
1     0000d11a  _ledControl_P                       
1     0000d12a  _ledControl_B                       
1     0000d12e  _ledControl_DW                      
1     0000d136  ___TI_enable_exit_profile_output    
1     0000d138  ___TI_cleanup_ptr                   
1     0000d13a  ___TI_dtors_ptr                     
1     0000d13c  _IsrOverrun                         
1     0000d13d  _stopRequested                      
1     0000d13e  _runModel                           
1     0000d13f  _GPIO_oneTimeInit                   
1     0000d140  __lock                              
1     0000d142  __unlock                            
1     0000d144  _isRateRunning                      
1     0000d146  _need2runFlags                      
1     0000d148  _MW_InterruptDisableLock            
1     0033fff8  _CsmPwl                             
abs   00000400  __STACK_SIZE                        
abs   ffffffff  .text                               
abs   ffffffff  ___TI_pprof_out_hndl                
abs   ffffffff  ___TI_prof_data_size                
abs   ffffffff  ___TI_prof_data_start               
abs   ffffffff  ___binit__                          
abs   ffffffff  ___c_args__                         
abs   ffffffff  ___etext__                          
abs   ffffffff  ___pinit__                          
abs   ffffffff  ___text__                           
abs   ffffffff  binit                               
abs   ffffffff  etext                               
abs   ffffffff  pinit                               

[233 symbols]
